screening n=3..2000 with 8 workers (largest n first)
[    44s]    1/1998 n-values |   0.2% of work | last n=1999 (708 cusps, 43.8s) | cusps so far 708 | ETA 367.2 min
[    86s]    9/1998 n-values |   1.8% of work | last n=1992 (705 cusps, 42.4s) | cusps so far 6362 | ETA 79.2 min
[   130s]   17/1998 n-values |   3.4% of work | last n=1983 (698 cusps, 42.6s) | cusps so far 11965 | ETA 62.5 min
[   173s]   25/1998 n-values |   4.9% of work | last n=1976 (699 cusps, 42.4s) | cusps so far 17566 | ETA 55.8 min
[   217s]   33/1998 n-values |   6.4% of work | last n=1968 (700 cusps, 44.1s) | cusps so far 23147 | ETA 52.5 min
[   258s]   41/1998 n-values |   7.9% of work | last n=1960 (686 cusps, 41.5s) | cusps so far 28693 | ETA 49.8 min
[   298s]   49/1998 n-values |   9.4% of work | last n=1951 (690 cusps, 39.6s) | cusps so far 34217 | ETA 47.7 min
[   342s]   57/1998 n-values |  10.9% of work | last n=1944 (684 cusps, 43.7s) | cusps so far 39754 | ETA 46.5 min
[   387s]   65/1998 n-values |  12.4% of work | last n=1932 (678 cusps, 39.2s) | cusps so far 45253 | ETA 45.6 min
[   426s]   73/1998 n-values |  13.8% of work | last n=1928 (685 cusps, 39.4s) | cusps so far 50726 | ETA 44.3 min
[   468s]   81/1998 n-values |  15.2% of work | last n=1918 (672 cusps, 39.5s) | cusps so far 56153 | ETA 43.4 min
[   506s]   89/1998 n-values |  16.6% of work | last n=1912 (673 cusps, 37.7s) | cusps so far 61575 | ETA 42.2 min
[   545s]   97/1998 n-values |  18.0% of work | last n=1904 (675 cusps, 38.8s) | cusps so far 66977 | ETA 41.3 min
[   582s]  105/1998 n-values |  19.4% of work | last n=1893 (667 cusps, 35.9s) | cusps so far 72343 | ETA 40.3 min
[   618s]  113/1998 n-values |  20.8% of work | last n=1888 (666 cusps, 36.3s) | cusps so far 77683 | ETA 39.4 min
[   655s]  121/1998 n-values |  22.1% of work | last n=1878 (660 cusps, 35.8s) | cusps so far 83025 | ETA 38.5 min
[   690s]  129/1998 n-values |  23.4% of work | last n=1871 (664 cusps, 34.8s) | cusps so far 88328 | ETA 37.7 min
[   724s]  137/1998 n-values |  24.7% of work | last n=1864 (655 cusps, 33.8s) | cusps so far 93610 | ETA 36.8 min
[   741s]  142/1998 n-values |  25.5% of work | last n=1858 (659 cusps, 37.1s) | cusps so far 96892 | ETA 36.0 min
[   761s]  145/1998 n-values |  26.0% of work | last n=1856 (660 cusps, 36.7s) | cusps so far 98863 | ETA 36.1 min
[   778s]  151/1998 n-values |  26.9% of work | last n=1849 (652 cusps, 34.4s) | cusps so far 102786 | ETA 35.1 min
[   794s]  153/1998 n-values |  27.3% of work | last n=1848 (648 cusps, 33.4s) | cusps so far 104087 | ETA 35.3 min
[   813s]  158/1998 n-values |  28.0% of work | last n=1843 (654 cusps, 37.5s) | cusps so far 107352 | ETA 34.8 min
[   831s]  161/1998 n-values |  28.5% of work | last n=1840 (651 cusps, 36.5s) | cusps so far 109304 | ETA 34.7 min
[   848s]  168/1998 n-values |  29.6% of work | last n=1834 (649 cusps, 34.6s) | cusps so far 113843 | ETA 33.6 min
[   867s]  169/1998 n-values |  29.7% of work | last n=1832 (652 cusps, 36.0s) | cusps so far 114495 | ETA 34.1 min
[   900s]  177/1998 n-values |  31.0% of work | last n=1824 (650 cusps, 33.4s) | cusps so far 119671 | ETA 33.5 min
[   929s]  185/1998 n-values |  32.2% of work | last n=1816 (640 cusps, 28.3s) | cusps so far 124826 | ETA 32.6 min
[   944s]  192/1998 n-values |  33.2% of work | last n=1809 (639 cusps, 30.5s) | cusps so far 129315 | ETA 31.6 min
[   960s]  193/1998 n-values |  33.4% of work | last n=1807 (642 cusps, 29.7s) | cusps so far 129957 | ETA 32.0 min
[   989s]  201/1998 n-values |  34.5% of work | last n=1800 (636 cusps, 29.3s) | cusps so far 135060 | ETA 31.3 min
[  1017s]  209/1998 n-values |  35.7% of work | last n=1792 (636 cusps, 27.9s) | cusps so far 140135 | ETA 30.6 min
[  1046s]  217/1998 n-values |  36.8% of work | last n=1784 (629 cusps, 28.4s) | cusps so far 145193 | ETA 29.9 min
[  1061s]  224/1998 n-values |  37.8% of work | last n=1778 (626 cusps, 29.2s) | cusps so far 149589 | ETA 29.1 min
[  1077s]  227/1998 n-values |  38.2% of work | last n=1774 (633 cusps, 28.5s) | cusps so far 151482 | ETA 29.0 min
[  1099s]  233/1998 n-values |  39.1% of work | last n=1768 (628 cusps, 26.4s) | cusps so far 155242 | ETA 28.6 min
[  1115s]  239/1998 n-values |  39.9% of work | last n=1763 (631 cusps, 29.5s) | cusps so far 158998 | ETA 28.0 min
[  1130s]  242/1998 n-values |  40.3% of work | last n=1758 (620 cusps, 26.9s) | cusps so far 160863 | ETA 27.9 min
[  1145s]  248/1998 n-values |  41.1% of work | last n=1753 (621 cusps, 25.7s) | cusps so far 164582 | ETA 27.3 min
[  1162s]  252/1998 n-values |  41.6% of work | last n=1749 (616 cusps, 26.9s) | cusps so far 167063 | ETA 27.1 min
[  1181s]  257/1998 n-values |  42.3% of work | last n=1744 (612 cusps, 25.0s) | cusps so far 170143 | ETA 26.8 min
[  1196s]  262/1998 n-values |  43.0% of work | last n=1738 (610 cusps, 26.0s) | cusps so far 173215 | ETA 26.5 min
[  1212s]  266/1998 n-values |  43.5% of work | last n=1735 (616 cusps, 26.7s) | cusps so far 175670 | ETA 26.2 min
[  1234s]  273/1998 n-values |  44.4% of work | last n=1728 (611 cusps, 25.2s) | cusps so far 179959 | ETA 25.8 min
[  1251s]  280/1998 n-values |  45.3% of work | last n=1721 (609 cusps, 26.1s) | cusps so far 184215 | ETA 25.2 min
[  1267s]  284/1998 n-values |  45.8% of work | last n=1717 (608 cusps, 24.8s) | cusps so far 186648 | ETA 25.0 min
[  1286s]  289/1998 n-values |  46.4% of work | last n=1712 (611 cusps, 25.8s) | cusps so far 189670 | ETA 24.7 min
[  1302s]  296/1998 n-values |  47.3% of work | last n=1705 (604 cusps, 25.4s) | cusps so far 193907 | ETA 24.2 min
[  1317s]  300/1998 n-values |  47.8% of work | last n=1701 (600 cusps, 24.3s) | cusps so far 196312 | ETA 24.0 min
[  1334s]  305/1998 n-values |  48.4% of work | last n=1695 (602 cusps, 22.2s) | cusps so far 199326 | ETA 23.7 min
[  1357s]  313/1998 n-values |  49.4% of work | last n=1688 (593 cusps, 23.1s) | cusps so far 204109 | ETA 23.2 min
[  1379s]  321/1998 n-values |  50.3% of work | last n=1680 (595 cusps, 21.9s) | cusps so far 208871 | ETA 22.7 min
[  1394s]  327/1998 n-values |  51.0% of work | last n=1673 (587 cusps, 22.8s) | cusps so far 212418 | ETA 22.3 min
[  1411s]  332/1998 n-values |  51.6% of work | last n=1669 (587 cusps, 22.3s) | cusps so far 215373 | ETA 22.0 min
[  1430s]  338/1998 n-values |  52.3% of work | last n=1663 (587 cusps, 21.9s) | cusps so far 218903 | ETA 21.7 min
[  1445s]  345/1998 n-values |  53.1% of work | last n=1656 (587 cusps, 22.3s) | cusps so far 223018 | ETA 21.3 min
[  1460s]  350/1998 n-values |  53.7% of work | last n=1652 (589 cusps, 22.1s) | cusps so far 225956 | ETA 21.0 min
[  1477s]  356/1998 n-values |  54.3% of work | last n=1645 (581 cusps, 22.3s) | cusps so far 229453 | ETA 20.7 min
[  1496s]  362/1998 n-values |  55.0% of work | last n=1639 (579 cusps, 23.0s) | cusps so far 232937 | ETA 20.4 min
[  1516s]  370/1998 n-values |  55.9% of work | last n=1630 (573 cusps, 19.3s) | cusps so far 237557 | ETA 20.0 min
[  1539s]  378/1998 n-values |  56.7% of work | last n=1621 (569 cusps, 19.8s) | cusps so far 242153 | ETA 19.6 min
[  1558s]  386/1998 n-values |  57.6% of work | last n=1613 (573 cusps, 18.6s) | cusps so far 246739 | ETA 19.1 min
[  1578s]  394/1998 n-values |  58.4% of work | last n=1607 (565 cusps, 19.6s) | cusps so far 251283 | ETA 18.7 min
[  1597s]  402/1998 n-values |  59.2% of work | last n=1599 (565 cusps, 18.8s) | cusps so far 255804 | ETA 18.3 min
[  1616s]  410/1998 n-values |  60.0% of work | last n=1591 (564 cusps, 19.1s) | cusps so far 260308 | ETA 17.9 min
[  1634s]  418/1998 n-values |  60.8% of work | last n=1583 (563 cusps, 17.8s) | cusps so far 264816 | ETA 17.5 min
[  1651s]  426/1998 n-values |  61.6% of work | last n=1575 (556 cusps, 17.5s) | cusps so far 269283 | ETA 17.1 min
[  1671s]  434/1998 n-values |  62.4% of work | last n=1567 (549 cusps, 19.8s) | cusps so far 273718 | ETA 16.8 min
[  1689s]  442/1998 n-values |  63.2% of work | last n=1559 (549 cusps, 18.0s) | cusps so far 278135 | ETA 16.4 min
[  1707s]  450/1998 n-values |  63.9% of work | last n=1551 (548 cusps, 18.2s) | cusps so far 282528 | ETA 16.1 min
[  1724s]  458/1998 n-values |  64.7% of work | last n=1543 (546 cusps, 16.9s) | cusps so far 286903 | ETA 15.7 min
[  1741s]  466/1998 n-values |  65.4% of work | last n=1535 (540 cusps, 16.7s) | cusps so far 291261 | ETA 15.4 min
[  1756s]  474/1998 n-values |  66.1% of work | last n=1527 (545 cusps, 15.4s) | cusps so far 295606 | ETA 15.0 min
[  1773s]  482/1998 n-values |  66.8% of work | last n=1519 (537 cusps, 17.2s) | cusps so far 299908 | ETA 14.7 min
[  1789s]  490/1998 n-values |  67.5% of work | last n=1511 (529 cusps, 15.8s) | cusps so far 304193 | ETA 14.4 min
[  1804s]  498/1998 n-values |  68.2% of work | last n=1503 (532 cusps, 15.1s) | cusps so far 308462 | ETA 14.0 min
[  1820s]  506/1998 n-values |  68.9% of work | last n=1495 (526 cusps, 15.7s) | cusps so far 312708 | ETA 13.7 min
[  1836s]  514/1998 n-values |  69.5% of work | last n=1487 (525 cusps, 15.4s) | cusps so far 316914 | ETA 13.4 min
[  1851s]  522/1998 n-values |  70.2% of work | last n=1479 (525 cusps, 15.3s) | cusps so far 321122 | ETA 13.1 min
[  1868s]  531/1998 n-values |  70.9% of work | last n=1470 (517 cusps, 14.5s) | cusps so far 325823 | ETA 12.8 min
[  1884s]  540/1998 n-values |  71.6% of work | last n=1461 (518 cusps, 15.1s) | cusps so far 330490 | ETA 12.5 min
[  1900s]  550/1998 n-values |  72.4% of work | last n=1451 (513 cusps, 14.1s) | cusps so far 335628 | ETA 12.1 min
[  1920s]  562/1998 n-values |  73.3% of work | last n=1439 (508 cusps, 13.8s) | cusps so far 341737 | ETA 11.7 min
[  1936s]  571/1998 n-values |  73.9% of work | last n=1430 (515 cusps, 12.8s) | cusps so far 346306 | ETA 11.4 min
[  1952s]  581/1998 n-values |  74.6% of work | last n=1420 (499 cusps, 13.3s) | cusps so far 351344 | ETA 11.0 min
[  1968s]  593/1998 n-values |  75.5% of work | last n=1408 (500 cusps, 13.4s) | cusps so far 357338 | ETA 10.6 min
[  1983s]  602/1998 n-values |  76.1% of work | last n=1399 (498 cusps, 11.8s) | cusps so far 361801 | ETA 10.4 min
[  1999s]  611/1998 n-values |  76.7% of work | last n=1389 (486 cusps, 11.2s) | cusps so far 366229 | ETA 10.1 min
[  2015s]  625/1998 n-values |  77.6% of work | last n=1376 (489 cusps, 12.2s) | cusps so far 373063 | ETA 9.7 min
[  2033s]  635/1998 n-values |  78.3% of work | last n=1366 (478 cusps, 11.2s) | cusps so far 377920 | ETA 9.4 min
[  2048s]  648/1998 n-values |  79.1% of work | last n=1352 (480 cusps, 10.7s) | cusps so far 384162 | ETA 9.0 min
[  2066s]  659/1998 n-values |  79.8% of work | last n=1342 (470 cusps, 10.0s) | cusps so far 389385 | ETA 8.7 min
[  2087s]  675/1998 n-values |  80.7% of work | last n=1326 (472 cusps, 10.6s) | cusps so far 396935 | ETA 8.3 min
[  2108s]  691/1998 n-values |  81.6% of work | last n=1310 (464 cusps, 9.8s) | cusps so far 404392 | ETA 7.9 min
[  2127s]  707/1998 n-values |  82.5% of work | last n=1294 (460 cusps, 9.9s) | cusps so far 411758 | ETA 7.5 min
[  2146s]  723/1998 n-values |  83.4% of work | last n=1277 (453 cusps, 8.6s) | cusps so far 419027 | ETA 7.1 min
[  2163s]  739/1998 n-values |  84.2% of work | last n=1262 (444 cusps, 8.9s) | cusps so far 426225 | ETA 6.8 min
[  2180s]  755/1998 n-values |  85.0% of work | last n=1245 (439 cusps, 7.8s) | cusps so far 433311 | ETA 6.4 min
[  2196s]  771/1998 n-values |  85.7% of work | last n=1230 (433 cusps, 7.8s) | cusps so far 440295 | ETA 6.1 min
[  2212s]  787/1998 n-values |  86.5% of work | last n=1213 (424 cusps, 7.4s) | cusps so far 447208 | ETA 5.8 min
[  2228s]  803/1998 n-values |  87.2% of work | last n=1194 (421 cusps, 7.0s) | cusps so far 454036 | ETA 5.5 min
[  2243s]  823/1998 n-values |  88.0% of work | last n=1177 (419 cusps, 6.7s) | cusps so far 462422 | ETA 5.1 min
[  2262s]  843/1998 n-values |  88.8% of work | last n=1157 (406 cusps, 6.5s) | cusps so far 470680 | ETA 4.8 min
[  2280s]  867/1998 n-values |  89.7% of work | last n=1134 (402 cusps, 5.8s) | cusps so far 480404 | ETA 4.4 min
[  2298s]  891/1998 n-values |  90.5% of work | last n=1109 (392 cusps, 5.2s) | cusps so far 489942 | ETA 4.0 min
[  2313s]  915/1998 n-values |  91.3% of work | last n=1086 (386 cusps, 5.0s) | cusps so far 499247 | ETA 3.7 min
[  2329s]  940/1998 n-values |  92.1% of work | last n=1061 (377 cusps, 5.3s) | cusps so far 508745 | ETA 3.3 min
[  2344s]  967/1998 n-values |  92.9% of work | last n=1034 (365 cusps, 4.4s) | cusps so far 518733 | ETA 3.0 min
[  2360s]  995/1998 n-values |  93.6% of work | last n=1006 (353 cusps, 4.3s) | cusps so far 528827 | ETA 2.7 min
[  2375s] 1027/1998 n-values |  94.4% of work | last n=974 (341 cusps, 3.9s) | cusps so far 540013 | ETA 2.4 min
[  2390s] 1061/1998 n-values |  95.1% of work | last n=941 (334 cusps, 3.4s) | cusps so far 551522 | ETA 2.0 min
[  2406s] 1099/1998 n-values |  95.9% of work | last n=901 (326 cusps, 3.0s) | cusps so far 563896 | ETA 1.7 min
[  2421s] 1143/1998 n-values |  96.6% of work | last n=858 (304 cusps, 2.5s) | cusps so far 577563 | ETA 1.4 min
[  2436s] 1199/1998 n-values |  97.4% of work | last n=802 (281 cusps, 1.9s) | cusps so far 593983 | ETA 1.1 min
[  2452s] 1266/1998 n-values |  98.2% of work | last n=734 (255 cusps, 1.5s) | cusps so far 612168 | ETA 0.8 min
[  2467s] 1365/1998 n-values |  99.0% of work | last n=637 (223 cusps, 1.1s) | cusps so far 636135 | ETA 0.4 min
[  2482s] 1556/1998 n-values |  99.8% of work | last n=444 (158 cusps, 0.3s) | cusps so far 672560 | ETA 0.1 min
[  2487s] 1998/1998 n-values | 100.0% of work | last n=3 (0 cusps, 0.0s) | cusps so far 707417 | ETA 0.0 min
finished in 2487s with 8 workers. Now run:  python cusps_fast.py --merge --out cusps/
caffeinate -i .venv/bin/python cusps_fast.py --nmax 2000 --workers 8 --out   19107.96s user 48.94s system 770% cpu 41:27.67 total
